// Jest Snapshot v1, https://goo.gl/fbAQLP

exports[`SearchBar component should render correctly in "debug" mode 1`] = `
<View
  style={
    Object {
      "backgroundColor": "white",
      "borderRadius": 10,
      "position": "absolute",
      "top": 25,
      "width": "90%",
      "zIndex": 201,
    }
  }
>
  <View>
    <ForwardRef(Themed.Tooltip)
      backgroundColor="#b5e3e6"
      height={100}
      popover={
        <Text>
          Include
          <Text
            style={
              Object {
                "fontWeight": "bold",
              }
            }
          >
             "near LOY"
          </Text>
           
          or
          <Text
            style={
              Object {
                "fontWeight": "bold",
              }
            }
          >
             "near SGW"
          </Text>
           
          to find places around campus!
        </Text>
      }
    >
      <ForwardRef(Themed.SearchBar)
        autoCorrect={false}
        blurOnSubmit={true}
        containerStyle={
          Object {
            "borderRadius": 10,
            "borderWidth": 1,
            "height": 45,
            "justifyContent": "center",
          }
        }
        lightTheme={true}
        onBlur={[Function]}
        onChangeText={[Function]}
        onClear={[Function]}
        onSubmitEditing={[Function]}
        onTouchStart={[Function]}
        padding={5}
        placeholder="Search..."
        platform="android"
        returnKeyType="search"
        searchIcon={<Icon />}
        value=""
      />
    </ForwardRef(Themed.Tooltip)>
  </View>
</View>
`;
